/boot/grub2/device.map
/boot/grub2/fonts/unicode.pf2
/boot/grub2/grubenv
/boot/grub2/i386-pc/boot.img
/boot/grub2/i386-pc/core.img
/boot/grub/grub.conf
/boot/grub/menu.lst
/etc/alternatives/cifs-idmap-plugin
/etc/alternatives/ifdown
/etc/alternatives/ifup
/etc/alternatives/libnssckbi.so.x86_64
/etc/alternatives/libnssckbi.so
/etc/authselect/authselect.conf
/etc/authselect/dconf-db
/etc/authselect/dconf-locks
/etc/crypto-policies/state/current
/etc/dconf/db/distro.d/20-authselect
/etc/dconf/db/distro.d/locks/20-authselect
/etc/dnf/modules.d/virt.module
/etc/firewalld/zones/public.xml
/etc/firewalld/zones/public.xml.old
/etc/group-
/etc/grub.conf
/etc/grub.d/00_tuned
/etc/gshadow-
/etc/nsswitch.conf.bak
/etc/passwd-
/etc/.pwd.lock
/etc/resolv.conf
/etc/shadow-
/etc/ssh/ssh_host_ecdsa_key
/etc/ssh/ssh_host_ecdsa_key.pub
/etc/ssh/ssh_host_ed25519_key
/etc/ssh/ssh_host_ed25519_key.pub
/etc/ssh/ssh_host_rsa_key
/etc/ssh/ssh_host_rsa_key.pub
/etc/ssh/ssh_host_dsa_key
/etc/ssh/ssh_host_dsa_key.pub
/etc/subgid-
/etc/subuid-
/etc/sudoers.d/90-cloud-init-users
/etc/sysconfig/anaconda
/etc/sysconfig/firstboot
/etc/sysconfig/kernel
/etc/sysconfig/network
/etc/sysconfig/network-scripts/ifcfg-eth0
/etc/systemd/system/dbus-org.freedesktop.NetworkManager.service
/etc/systemd/system/dbus-org.freedesktop.nm-dispatcher.service
/etc/systemd/system/dbus-org.freedesktop.timedate1.service
/etc/systemd/system/default.target
/etc/systemd/system/getty.target.wants/getty@tty1.service
/etc/systemd/system/multi-user.target.wants/auditd.service
/etc/systemd/system/multi-user.target.wants/chronyd.service
/etc/systemd/system/multi-user.target.wants/cloud-config.service
/etc/systemd/system/multi-user.target.wants/cloud-final.service
/etc/systemd/system/multi-user.target.wants/cloud-init-local.service
/etc/systemd/system/multi-user.target.wants/cloud-init.service
/etc/systemd/system/multi-user.target.wants/crond.service
/etc/systemd/system/multi-user.target.wants/dnf-makecache.timer
/etc/systemd/system/multi-user.target.wants/irqbalance.service
/etc/systemd/system/multi-user.target.wants/kdump.service
/etc/systemd/system/multi-user.target.wants/NetworkManager.service
/etc/systemd/system/multi-user.target.wants/nfs-client.target
/etc/systemd/system/multi-user.target.wants/remote-fs.target
/etc/systemd/system/multi-user.target.wants/rpcbind.service
/etc/systemd/system/multi-user.target.wants/sshd.service
/etc/systemd/system/multi-user.target.wants/tuned.service
/etc/systemd/system/network-online.target.wants/NetworkManager-wait-online.service
/etc/systemd/system/remote-fs.target.wants/nfs-client.target
/etc/systemd/system/sockets.target.wants/rpcbind.socket
/etc/systemd/system/sockets.target.wants/sssd-kcm.socket
/etc/systemd/system/sysinit.target.wants/import-state.service
/etc/systemd/system/sysinit.target.wants/loadmodules.service
/etc/systemd/system/sysinit.target.wants/nis-domainname.service
/etc/systemd/system/sysinit.target.wants/selinux-autorelabel-mark.service
/etc/systemd/system/syslog.service
/etc/udev/rules.d/80-net-name-slot.rules
/etc/.updated
/root/anaconda-ks.cfg
/root/original-ks.cfg
/root/.ssh/authorized_keys
/usr/lib64/p11-kit-trust.so
/usr/lib/fontconfig/cache/CACHEDIR.TAG
/usr/share/fonts/dejavu/.uuid
/usr/share/fonts/.uuid
/usr/share/glib-2.0/schemas/gschemas.compiled
/etc/authselect/user-nsswitch.conf
/etc/sysconfig/authconfig
/etc/systemd/system/multi-user.target.wants/rngd.service
/etc/alternatives/python
/etc/alternatives/unversioned-python-man
/etc/systemd/system/multi-user.target.wants/rsyslog.service
/etc/systemd/system/multi-user.target.wants/sssd.service
/etc/systemd/system/timers.target.wants/unbound-anchor.timer
/etc/dnf/modules.d/satellite-5-client.module
/etc/nfs.conf.rpmsave
/etc/sysconfig/nfs.rpmsave
/etc/systemd/system/basic.target.wants/microcode.service
/etc/systemd/system/nfs-blkmap.service.requires/nfs-convert.service
/etc/systemd/system/nfs-idmapd.service.requires/nfs-convert.service
/etc/systemd/system/nfs-mountd.service.requires/nfs-convert.service
/etc/systemd/system/nfs-server.service.requires/nfs-convert.service
/etc/systemd/system/rpc-gssd.service.requires/nfs-convert.service
/etc/systemd/system/rpc-statd-notify.service.requires/nfs-convert.service
/etc/systemd/system/rpc-statd.service.requires/nfs-convert.service
/etc/systemd/system/sysinit.target.wants/rngd.service
/etc/udev/rules.d/70-persistent-net.rules
/boot/initramfs-.img
/etc/alternatives/ld
/etc/alternatives/libwbclient.so.0.14-64
/etc/dracut.conf.d/virt-drivers.conf
/etc/modprobe.d/disable_ipv6.conf
/etc/ntp.conf
/etc/systemd/system/multi-user.target.wants/atd.service
/etc/systemd/system/multi-user.target.wants/libstoragemgmt.service
/etc/systemd/system/multi-user.target.wants/mcelog.service
/etc/systemd/system/multi-user.target.wants/mdmonitor.service
/etc/systemd/system/multi-user.target.wants/rhsmcertd.service
/etc/systemd/system/multi-user.target.wants/smartd.service
/etc/systemd/system/multi-user.target.wants/sysstat.service
/etc/systemd/system/multi-user.target.wants/vdo.service
/etc/systemd/system/sockets.target.wants/dm-event.socket
/etc/systemd/system/sysinit.target.wants/lvm2-lvmpolld.socket
/etc/systemd/system/sysinit.target.wants/lvm2-monitor.service
/etc/systemd/system/sysstat.service.wants/sysstat-collect.timer
/etc/systemd/system/sysstat.service.wants/sysstat-summary.timer
/etc/yum.repos.d/beta.repo
/usr/local/share/applications/mimeinfo.cache
/usr/share/applications/mimeinfo.cache
/root/.lesshst
/etc/sysconfig/clock
/etc/timezone
/root/.viminfo
/.bash_history
/etc/dnf/modules.d/container-tools.module
/etc/resolv.conf.I7MZ2Z
/etc/rhsm/syspurpose/syspurpose.json
/boot/grub.cfg.aliyun_backup
/etc/aliases.db
/etc/alternatives/easy_install-3
/etc/alternatives/mta
/etc/alternatives/mta-aliasesman
/etc/alternatives/mta-mailq
/etc/alternatives/mta-mailqman
/etc/alternatives/mta-newaliases
/etc/alternatives/mta-newaliasesman
/etc/alternatives/mta-pam
/etc/alternatives/mta-rmail
/etc/alternatives/mta-sendmail
/etc/alternatives/mta-sendmailman
/etc/alternatives/mta-smtpdman
/etc/alternatives/pax
/etc/alternatives/pax-man
/etc/alternatives/pip-3
/etc/alternatives/pip3
/etc/alternatives/print
/etc/alternatives/print-cancel
/etc/alternatives/print-cancelman
/etc/alternatives/print-lp
/etc/alternatives/print-lpc
/etc/alternatives/print-lpcman
/etc/alternatives/print-lpman
/etc/alternatives/print-lpq
/etc/alternatives/print-lpqman
/etc/alternatives/print-lprm
/etc/alternatives/print-lprman
/etc/alternatives/print-lprmman
/etc/alternatives/print-lpstat
/etc/alternatives/print-lpstatman
/etc/alternatives/pydoc-3
/etc/alternatives/pydoc3
/etc/alternatives/python3
/etc/alternatives/python3-config
/etc/alternatives/python3-man
/etc/alternatives/pyvenv-3
/etc/crypto-policies/back-ends/libssh.config
/etc/dnf/modules.d/python36.module
/etc/fstab.aliyun_backup
/etc/motd.d/insights-client
/etc/pki/tls/certs/postfix.pem
/etc/pki/tls/private/postfix.key
/usr/sbin/lpc
/usr/share/fonts/abattis-cantarell/.uuid
/usr/share/man/man1/cancel.1.gz
/usr/share/man/man1/lp.1.gz
/usr/share/man/man1/lpq.1.gz
/usr/share/man/man1/lpr.1.gz
/usr/share/man/man1/lprm.1.gz
/usr/share/man/man1/lpstat.1.gz
/usr/share/man/man8/lpc.8.gz
/etc/systemd/system/cloud-init.target.wants/cloud-config.service
/etc/systemd/system/cloud-init.target.wants/cloud-final.service
/etc/systemd/system/cloud-init.target.wants/cloud-init-local.service
/etc/systemd/system/cloud-init.target.wants/cloud-init.service
/etc/systemd/system/multi-user.target.wants/systemd-resolved.service
/etc/dracut.conf.d/virtio-drivers.conf
/etc/systemd/system/systemd-resolved.service.d/override.conf
/etc/modprobe.d/intel-eth.conf
/etc/dracut.conf.d/omit-intel.conf
/etc/systemd/system/multi-user.target.wants/cups.path
/etc/systemd/system/printer.target.wants/cups.service
/etc/systemd/system/sockets.target.wants/cups.socket
/usr/share/fonts/google-droid/.uuid
/usr/share/fonts/urw-base35/.uuid
/etc/alternatives/libwbclient.so.0.15-64
/usr/lib64/libwbclient.so.0
/usr/lib64/libwbclient.so.0.15
/etc/crypto-policies/back-ends/.config
/etc/dnf/modules.d/perl-IO-Socket-SSL.module
/etc/dnf/modules.d/perl-libwww-perl.module
/etc/dnf/modules.d/perl.module
/etc/image-id
/etc/sysconfig/sshd-permitrootlogin
/etc/systemd/system/dbus-org.freedesktop.Avahi.service
/etc/systemd/system/dbus-org.freedesktop.resolve1.service
/etc/systemd/system/multi-user.target.wants/avahi-daemon.service
/etc/systemd/system/multi-user.target.wants/cups.service
/etc/systemd/system/sockets.target.wants/avahi-daemon.socket
/etc/systemd/system/timers.target.wants/dnf-makecache.timer
/etc/dnf/vars/releasever
/etc/nsswitch.conf.rpmnew
/etc/security/limits.d/99-sap.conf
/etc/sysctl.d/sap.conf
/etc/systemd/system/sockets.target.wants/uuidd.socket
/etc/tmpfiles.d/sap.conf
/usr/share/fonts/liberation/.uuid
/boot/efi/NvVars
/etc/systemd/system/graphical.target.wants/udisks2.service
/etc/alternatives/apropos
/etc/alternatives/apropos.1.gz
/etc/alternatives/man
/etc/alternatives/man.1.gz
/etc/alternatives/soelim
/etc/alternatives/soelim.1.gz
/etc/alternatives/whatis
/etc/alternatives/whatis.1.gz
/etc/kernel/cmdline
/etc/systemd/system/ctrl-alt-del.target
/etc/systemd/system/dbus.service
/etc/systemd/system/multi-user.target.wants/insights-client-boot.service
/etc/systemd/system/sockets.target.wants/dbus.socket
/etc/systemd/system/sysinit.target.wants/systemd-network-generator.service
/etc/systemd/system/timers.target.wants/logrotate.timer
/etc/systemd/user/basic.target.wants/systemd-tmpfiles-setup.service
/etc/systemd/user/dbus.service
/etc/systemd/user/sockets.target.wants/dbus.socket
/etc/systemd/user/timers.target.wants/systemd-tmpfiles-clean.timer
/etc/cloud/cloud.cfg.d/aliyun_cloud.cfg
/etc/cloud/cloud.cfg.d/aliyun_ebm.cfg.bak
/etc/cloud/cloud.cfg.d/aliyun_ebm.cfg
/etc/alternatives/arptables
/etc/alternatives/arptables-helper
/etc/alternatives/arptables-man
/etc/alternatives/arptables-restore
/etc/alternatives/arptables-restore-man
/etc/alternatives/arptables-save
/etc/alternatives/arptables-save-man
/etc/alternatives/ebtables
/etc/alternatives/ebtables-man
/etc/alternatives/ebtables-restore
/etc/alternatives/ebtables-save
/etc/alternatives/ip6tables
/etc/alternatives/ip6tables-restore
/etc/alternatives/ip6tables-save
/etc/alternatives/iptables
/etc/alternatives/iptables-restore
/etc/alternatives/iptables-save
/boot/dtb
/etc/dracut.conf.d/nvme.conf
/boot/efi/EFI/redhat/grub.cfg.aliyun_backup
/etc/systemd/system/sysinit.target.wants/systemd-boot-update.service
/etc/ssh/sshd_config.d/50-cloud-init.conf
/etc/rhsm/rhsm.conf.save
/etc/systemd/system/NetworkManager.service.wants/nm-cloud-setup.service
/etc/systemd/system/timers.target.wants/nm-cloud-setup.timer
/etc/systemd/system/nm-cloud-setup.service.d/override.conf
# RHEL-9.4 arm
/etc/alternatives/man.7.gz
/etc/alternatives/nc
/etc/alternatives/nc-man
/etc/dnf/plugins/subscription-manager.conf.save
/etc/nvme/hostid
/etc/nvme/hostnqn
/etc/selinux/.config_backup
/etc/systemd/system/default.target.wants/nvmefc-boot-connections.service
/etc/systemd/system/sockets.target.wants/iscsid.socket
/etc/systemd/system/sockets.target.wants/iscsiuio.socket
/etc/systemd/system/sockets.target.wants/multipathd.socket
/etc/systemd/system/sysinit.target.wants/iscsi-onboot.service
/etc/systemd/system/sysinit.target.wants/iscsi-starter.service
/etc/systemd/system/sysinit.target.wants/multipathd.service
/etc/systemd/system/timers.target.wants/mlocate-updatedb.timer
/usr/lib/fontconfig/cache/210c0516121708a580e22e6b1f9a103a-le64.cache-8
/usr/lib/fontconfig/cache/221930ae9526a9cb8049af2916f03412-le64.cache-8
/usr/lib/fontconfig/cache/3830d5c3ddfd5cd38a049b759396e72e-le64.cache-8
/usr/lib/fontconfig/cache/6ba42ae0000f58711b5caaf10d690066-le64.cache-8
# RHEL-9.4 x86
/boot/grub2/locale/ast.mo
/boot/grub2/locale/ca.mo
/boot/grub2/locale/da.mo
/boot/grub2/locale/de_CH.mo
/boot/grub2/locale/de@hebrew.mo
/boot/grub2/locale/de.mo
/boot/grub2/locale/en@arabic.mo
/boot/grub2/locale/en@cyrillic.mo
/boot/grub2/locale/en@greek.mo
/boot/grub2/locale/en@hebrew.mo
/boot/grub2/locale/en@piglatin.mo
/boot/grub2/locale/en@quot.mo
/boot/grub2/locale/eo.mo
/boot/grub2/locale/es.mo
/boot/grub2/locale/fi.mo
/boot/grub2/locale/fr.mo
/boot/grub2/locale/gl.mo
/boot/grub2/locale/hr.mo
/boot/grub2/locale/hu.mo
/boot/grub2/locale/id.mo
/boot/grub2/locale/it.mo
/boot/grub2/locale/ja.mo
/boot/grub2/locale/ko.mo
/boot/grub2/locale/lg.mo
/boot/grub2/locale/lt.mo
/boot/grub2/locale/nb.mo
/boot/grub2/locale/nl.mo
/boot/grub2/locale/pa.mo
/boot/grub2/locale/pl.mo
/boot/grub2/locale/pt_BR.mo
/boot/grub2/locale/pt.mo
/boot/grub2/locale/ro.mo
/boot/grub2/locale/ru.mo
/boot/grub2/locale/sl.mo
/boot/grub2/locale/sr.mo
/boot/grub2/locale/sv.mo
/boot/grub2/locale/tr.mo
/boot/grub2/locale/uk.mo
/boot/grub2/locale/vi.mo
/boot/grub2/locale/zh_CN.mo
/boot/grub2/locale/zh_TW.mo
/etc/systemd/system/bluetooth.target.wants/bluetooth.service
/etc/systemd/system/dbus-org.bluez.service
/etc/NetworkManager/conf.d/30-cloud-init-ip6-addr-gen-mode.conf
/etc/NetworkManager/system-connections/cloud-init-eth0.nmconnection
/etc/systemd/system/multi-user.target.wants/audit-rules.service
/etc/systemd/system/multi-user.target.wants/remote-cryptsetup.target
/etc/systemd/system/sockets.target.wants/cockpit.socket
/etc/systemd/system/sockets.target.wants/pcscd.socket
/etc/systemd/system/sockets.target.wants/systemd-userdbd.socket
/etc/systemd/system/sysinit.target.wants/systemd-confext.service
/etc/systemd/system/sysinit.target.wants/systemd-pstore.service
/etc/systemd/system/sysinit.target.wants/systemd-sysext.service
/etc/systemd/system/timers.target.wants/fstrim.timer
/etc/systemd/system/timers.target.wants/fwupd-refresh.timer
/etc/systemd/user/timers.target.wants/grub-boot-success.timer
/etc/udev/rules.d/90-cloud-init-hook-hotplug.rules
# RHEL-10.0 x86
/etc/systemd/system/sysinit.target.wants/fips-crypto-policy-overlay.service
/etc/systemd/system/timers.target.wants/rhc-canonical-facts.timer
/root/.pip/pip.conf
/root/.pydistutils.cfg
/boot/grub2/locale/he.mo
/boot/grub2/locale/ka.mo
/etc/systemd/system/sysstat.service.wants/sysstat-rotate.timer
/etc/systemd/system/timers.target.wants/plocate-updatedb.timer
/etc/systemd/system/timers.target.wants/raid-check.timer
/usr/lib/sysimage/rpm/.rpmdbdirsymlink_created
/boot/.vmlinuz-0-rescue-20884af7e9a9403fa48feacf37be860a.hmac
/usr/lib/fontconfig/cache/035f0ebf2f86af269427f030f354ef4b-le64.cache-9
/usr/lib/fontconfig/cache/3830d5c3ddfd5cd38a049b759396e72e-le64.cache-9
/usr/lib/fontconfig/cache/d63f98f14a274bd69a5425fc33aaac6b-le64.cache-9
/boot/.vmlinuz-0-rescue-cbc2b428b82c40b6960d38b8617befef.hmac
#################### KNOWN ISSUES BELOW ####################
/etc/redhat-access-insights/.lastupload
/etc/redhat-access-insights/machine-id
/etc/redhat-access-insights/redhat-access-insights.conf
/etc/redhat-access-insights/redhat-access-insights.cron
/etc/redhat-access-insights/.registered
/etc/redhat-access-insights/.unregistered
