/boot/grub2/device.map
/boot/grub2/fonts/unicode.pf2
/boot/grub2/grubenv
/boot/grub2/i386-pc/boot.img
/boot/grub2/i386-pc/core.img
/boot/grub/grub.conf
/boot/grub/menu.lst
/etc/alternatives/cifs-idmap-plugin
/etc/alternatives/ifdown
/etc/alternatives/ifup
/etc/alternatives/libnssckbi.so.x86_64
/etc/authselect/authselect.conf
/etc/authselect/dconf-db
/etc/authselect/dconf-locks
/etc/crypto-policies/state/current
/etc/dconf/db/distro.d/20-authselect
/etc/dconf/db/distro.d/locks/20-authselect
/etc/dnf/modules.d/virt.module
/etc/firewalld/zones/public.xml
/etc/firewalld/zones/public.xml.old
/etc/group-
/etc/grub.conf
/etc/grub.d/00_tuned
/etc/gshadow-
/etc/nsswitch.conf.bak
/etc/passwd-
/etc/.pwd.lock
/etc/resolv.conf
/etc/shadow-
/etc/ssh/ssh_host_dsa_key
/etc/ssh/ssh_host_dsa_key.pub
/etc/ssh/ssh_host_ecdsa_key
/etc/ssh/ssh_host_ecdsa_key.pub
/etc/ssh/ssh_host_ed25519_key
/etc/ssh/ssh_host_ed25519_key.pub
/etc/ssh/ssh_host_rsa_key
/etc/ssh/ssh_host_rsa_key.pub
/etc/subgid-
/etc/subuid-
/etc/sudoers.d/90-cloud-init-users
/etc/sysconfig/anaconda
/etc/sysconfig/firstboot
/etc/sysconfig/kernel
/etc/sysconfig/network
/etc/sysconfig/network-scripts/ifcfg-eth0
/etc/systemd/system/dbus-org.freedesktop.NetworkManager.service
/etc/systemd/system/dbus-org.freedesktop.nm-dispatcher.service
/etc/systemd/system/dbus-org.freedesktop.timedate1.service
/etc/systemd/system/default.target
/etc/systemd/system/getty.target.wants/getty@tty1.service
/etc/systemd/system/multi-user.target.wants/auditd.service
/etc/systemd/system/multi-user.target.wants/chronyd.service
/etc/systemd/system/multi-user.target.wants/cloud-config.service
/etc/systemd/system/multi-user.target.wants/cloud-final.service
/etc/systemd/system/multi-user.target.wants/cloud-init-local.service
/etc/systemd/system/multi-user.target.wants/cloud-init.service
/etc/systemd/system/multi-user.target.wants/crond.service
/etc/systemd/system/multi-user.target.wants/dnf-makecache.timer
/etc/systemd/system/multi-user.target.wants/irqbalance.service
/etc/systemd/system/multi-user.target.wants/kdump.service
/etc/systemd/system/multi-user.target.wants/NetworkManager.service
/etc/systemd/system/multi-user.target.wants/nfs-client.target
/etc/systemd/system/multi-user.target.wants/remote-fs.target
/etc/systemd/system/multi-user.target.wants/rpcbind.service
/etc/systemd/system/multi-user.target.wants/sshd.service
/etc/systemd/system/multi-user.target.wants/tuned.service
/etc/systemd/system/network-online.target.wants/NetworkManager-wait-online.service
/etc/systemd/system/remote-fs.target.wants/nfs-client.target
/etc/systemd/system/sockets.target.wants/rpcbind.socket
/etc/systemd/system/sockets.target.wants/sssd-kcm.socket
/etc/systemd/system/sysinit.target.wants/import-state.service
/etc/systemd/system/sysinit.target.wants/loadmodules.service
/etc/systemd/system/sysinit.target.wants/nis-domainname.service
/etc/systemd/system/sysinit.target.wants/selinux-autorelabel-mark.service
/etc/systemd/system/syslog.service
/etc/udev/rules.d/80-net-name-slot.rules
/etc/.updated
/root/anaconda-ks.cfg
/root/original-ks.cfg
/root/.ssh/authorized_keys
/usr/lib64/p11-kit-trust.so
/usr/lib/fontconfig/cache/CACHEDIR.TAG
/usr/share/fonts/dejavu/.uuid
/usr/share/fonts/.uuid
/usr/share/glib-2.0/schemas/gschemas.compiled
/etc/authselect/user-nsswitch.conf
/etc/sysconfig/authconfig
/etc/systemd/system/multi-user.target.wants/rngd.service
/etc/alternatives/python
/etc/alternatives/unversioned-python-man
/etc/systemd/system/multi-user.target.wants/rsyslog.service
/etc/systemd/system/multi-user.target.wants/sssd.service
/etc/systemd/system/timers.target.wants/unbound-anchor.timer
/etc/dnf/modules.d/satellite-5-client.module
/etc/nfs.conf.rpmsave
/etc/sysconfig/nfs.rpmsave
/etc/systemd/system/basic.target.wants/microcode.service
/etc/systemd/system/nfs-blkmap.service.requires/nfs-convert.service
/etc/systemd/system/nfs-idmapd.service.requires/nfs-convert.service
/etc/systemd/system/nfs-mountd.service.requires/nfs-convert.service
/etc/systemd/system/nfs-server.service.requires/nfs-convert.service
/etc/systemd/system/rpc-gssd.service.requires/nfs-convert.service
/etc/systemd/system/rpc-statd-notify.service.requires/nfs-convert.service
/etc/systemd/system/rpc-statd.service.requires/nfs-convert.service
/etc/systemd/system/sysinit.target.wants/rngd.service
/etc/udev/rules.d/70-persistent-net.rules
/boot/initramfs-.img
/etc/alternatives/ld
/etc/alternatives/libwbclient.so.0.14-64
/etc/dracut.conf.d/virt-drivers.conf
/etc/modprobe.d/disable_ipv6.conf
/etc/ntp.conf
/etc/systemd/system/multi-user.target.wants/atd.service
/etc/systemd/system/multi-user.target.wants/libstoragemgmt.service
/etc/systemd/system/multi-user.target.wants/mcelog.service
/etc/systemd/system/multi-user.target.wants/mdmonitor.service
/etc/systemd/system/multi-user.target.wants/rhsmcertd.service
/etc/systemd/system/multi-user.target.wants/smartd.service
/etc/systemd/system/multi-user.target.wants/sysstat.service
/etc/systemd/system/multi-user.target.wants/vdo.service
/etc/systemd/system/sockets.target.wants/dm-event.socket
/etc/systemd/system/sysinit.target.wants/lvm2-lvmpolld.socket
/etc/systemd/system/sysinit.target.wants/lvm2-monitor.service
/etc/systemd/system/sysstat.service.wants/sysstat-collect.timer
/etc/systemd/system/sysstat.service.wants/sysstat-summary.timer
/etc/yum.repos.d/beta.repo
/usr/local/share/applications/mimeinfo.cache
/usr/share/applications/mimeinfo.cache
/root/.lesshst
/etc/sysconfig/clock
/etc/timezone
/root/.viminfo
/.bash_history
/etc/dnf/modules.d/container-tools.module
/etc/resolv.conf.I7MZ2Z
/etc/rhsm/syspurpose/syspurpose.json
/boot/grub.cfg.aliyun_backup
/etc/aliases.db
/etc/alternatives/easy_install-3
/etc/alternatives/mta
/etc/alternatives/mta-aliasesman
/etc/alternatives/mta-mailq
/etc/alternatives/mta-mailqman
/etc/alternatives/mta-newaliases
/etc/alternatives/mta-newaliasesman
/etc/alternatives/mta-pam
/etc/alternatives/mta-rmail
/etc/alternatives/mta-sendmail
/etc/alternatives/mta-sendmailman
/etc/alternatives/mta-smtpdman
/etc/alternatives/pax
/etc/alternatives/pax-man
/etc/alternatives/pip-3
/etc/alternatives/pip3
/etc/alternatives/print
/etc/alternatives/print-cancel
/etc/alternatives/print-cancelman
/etc/alternatives/print-lp
/etc/alternatives/print-lpc
/etc/alternatives/print-lpcman
/etc/alternatives/print-lpman
/etc/alternatives/print-lpq
/etc/alternatives/print-lpqman
/etc/alternatives/print-lprm
/etc/alternatives/print-lprman
/etc/alternatives/print-lprmman
/etc/alternatives/print-lpstat
/etc/alternatives/print-lpstatman
/etc/alternatives/pydoc-3
/etc/alternatives/pydoc3
/etc/alternatives/python3
/etc/alternatives/python3-config
/etc/alternatives/python3-man
/etc/alternatives/pyvenv-3
/etc/crypto-policies/back-ends/libssh.config
/etc/dnf/modules.d/python36.module
/etc/fstab.aliyun_backup
/etc/motd.d/insights-client
/etc/pki/tls/certs/postfix.pem
/etc/pki/tls/private/postfix.key
/usr/sbin/lpc
/usr/share/fonts/abattis-cantarell/.uuid
/usr/share/man/man1/cancel.1.gz
/usr/share/man/man1/lp.1.gz
/usr/share/man/man1/lpq.1.gz
/usr/share/man/man1/lpr.1.gz
/usr/share/man/man1/lprm.1.gz
/usr/share/man/man1/lpstat.1.gz
/usr/share/man/man8/lpc.8.gz
/etc/systemd/system/cloud-init.target.wants/cloud-config.service
/etc/systemd/system/cloud-init.target.wants/cloud-final.service
/etc/systemd/system/cloud-init.target.wants/cloud-init-local.service
/etc/systemd/system/cloud-init.target.wants/cloud-init.service
/etc/systemd/system/multi-user.target.wants/systemd-resolved.service
/etc/dracut.conf.d/virtio-drivers.conf
/etc/systemd/system/systemd-resolved.service.d/override.conf
/etc/modprobe.d/intel-eth.conf
/etc/dracut.conf.d/omit-intel.conf
/etc/systemd/system/multi-user.target.wants/cups.path
/etc/systemd/system/printer.target.wants/cups.service
/etc/systemd/system/sockets.target.wants/cups.socket
/usr/share/fonts/google-droid/.uuid
/usr/share/fonts/urw-base35/.uuid
/etc/alternatives/libwbclient.so.0.15-64
/usr/lib64/libwbclient.so.0
/usr/lib64/libwbclient.so.0.15
/etc/crypto-policies/back-ends/.config
/etc/dnf/modules.d/perl-IO-Socket-SSL.module
/etc/dnf/modules.d/perl-libwww-perl.module
/etc/dnf/modules.d/perl.module
/etc/image-id
/etc/sysconfig/sshd-permitrootlogin
/etc/systemd/system/dbus-org.freedesktop.Avahi.service
/etc/systemd/system/dbus-org.freedesktop.resolve1.service
/etc/systemd/system/multi-user.target.wants/avahi-daemon.service
/etc/systemd/system/multi-user.target.wants/cups.service
/etc/systemd/system/sockets.target.wants/avahi-daemon.socket
/etc/systemd/system/timers.target.wants/dnf-makecache.timer
/etc/dnf/vars/releasever
/etc/nsswitch.conf.rpmnew
/etc/security/limits.d/99-sap.conf
/etc/sysctl.d/sap.conf
/etc/systemd/system/sockets.target.wants/uuidd.socket
/etc/tmpfiles.d/sap.conf
/usr/share/fonts/liberation/.uuid
/boot/efi/NvVars
/etc/systemd/system/graphical.target.wants/udisks2.service
/etc/cloud/cloud.cfg.bak
/etc/systemd/system/ctrl-alt-del.target
/etc/systemd/system/multi-user.target.wants/insights-client-boot.service
/etc/yum.repos.d/rhel.repo
/initrd.root.sqsh
/etc/systemd/system/multi-user.target.wants/remote-cryptsetup.target
#################### KNOWN ISSUES BELOW ####################
/etc/redhat-access-insights/.lastupload
/etc/redhat-access-insights/machine-id
/etc/redhat-access-insights/redhat-access-insights.conf
/etc/redhat-access-insights/redhat-access-insights.cron
/etc/redhat-access-insights/.registered
/etc/redhat-access-insights/.unregistered
