/.autofsck
/bin/iptables-xml
/boot/grub/device.map
/boot/grub/e2fs_stage1_5
/boot/grub/fat_stage1_5
/boot/grub/ffs_stage1_5
/boot/grub/grub.conf
/boot/grub/iso9660_stage1_5
/boot/grub/jfs_stage1_5
/boot/grub/menu.lst
/boot/grub/minix_stage1_5
/boot/grub/reiserfs_stage1_5
/boot/grub/stage1
/boot/grub/stage2
/boot/grub/ufs2_stage1_5
/boot/grub/vstafs_stage1_5
/boot/grub/xfs_stage1_5
/etc/aliases.db
/etc/alternatives/bin-iptables-xml.x86_64
/etc/alternatives/ip6tables.x86_64
/etc/alternatives/iptables.x86_64
/etc/alternatives/libip4tc000.x86_64
/etc/alternatives/libip4tc0.x86_64
/etc/alternatives/libip6tc000.x86_64
/etc/alternatives/libip6tc0.x86_64
/etc/alternatives/libipq000.x86_64
/etc/alternatives/libipq0.x86_64
/etc/alternatives/libiptc000.x86_64
/etc/alternatives/libiptc0.x86_64
/etc/alternatives/libnssckbi.so.x86_64
/etc/alternatives/libxtables400.x86_64
/etc/alternatives/libxtables4.x86_64
/etc/alternatives/man-ip6tables-restore.x86_64
/etc/alternatives/man-ip6tables-save.x86_64
/etc/alternatives/man-ip6tables.x86_64
/etc/alternatives/man-iptables-restore.x86_64
/etc/alternatives/man-iptables-save.x86_64
/etc/alternatives/man-iptables.x86_64
/etc/alternatives/man-iptables-xml.x86_64
/etc/alternatives/mta
/etc/alternatives/mta-aliasesman
/etc/alternatives/mta-mailq
/etc/alternatives/mta-mailqman
/etc/alternatives/mta-newaliases
/etc/alternatives/mta-newaliasesman
/etc/alternatives/mta-pam
/etc/alternatives/mta-rmail
/etc/alternatives/mta-sendmail
/etc/alternatives/mta-sendmailman
/etc/alternatives/sbin-ip6tables-multi.x86_64
/etc/alternatives/sbin-ip6tables-restore.x86_64
/etc/alternatives/sbin-ip6tables-save.x86_64
/etc/alternatives/sbin-iptables-multi.x86_64
/etc/alternatives/sbin-iptables-restore.x86_64
/etc/alternatives/sbin-iptables-save.x86_64
/etc/blkid/blkid.tab
/etc/blkid/blkid.tab.old
/etc/crypttab
/etc/dhcp/dhclient-eth0.conf
/etc/group-
/etc/grub.conf
/etc/gshadow-
/etc/ktune.d/tunedadm.sh
/etc/modprobe.d/anaconda.conf
/etc/openldap/certs/cert8.db
/etc/openldap/certs/key3.db
/etc/openldap/certs/password
/etc/openldap/certs/secmod.db
/etc/passwd-
/etc/.pwd.lock
/etc/rc.d/rc0.d/K02rhsmcertd
/etc/rc.d/rc0.d/K03rhnsd
/etc/rc.d/rc0.d/K10saslauthd
/etc/rc.d/rc0.d/K15ovirt-guest-agent
/etc/rc.d/rc0.d/K15tuned
/etc/rc.d/rc0.d/K25sshd
/etc/rc.d/rc0.d/K30qemu-ga
/etc/rc.d/rc0.d/K30sendmail
/etc/rc.d/rc0.d/K50cloud-config
/etc/rc.d/rc0.d/K50cloud-final
/etc/rc.d/rc0.d/K50cloud-init
/etc/rc.d/rc0.d/K50cloud-init-local
/etc/rc.d/rc0.d/K50kdump
/etc/rc.d/rc0.d/K60crond
/etc/rc.d/rc0.d/K60nfs
/etc/rc.d/rc0.d/K61nfs-rdma
/etc/rc.d/rc0.d/K69rpcsvcgssd
/etc/rc.d/rc0.d/K71cgred
/etc/rc.d/rc0.d/K72cgconfig
/etc/rc.d/rc0.d/K74acpid
/etc/rc.d/rc0.d/K75blk-availability
/etc/rc.d/rc0.d/K75netfs
/etc/rc.d/rc0.d/K75udev-post
/etc/rc.d/rc0.d/K85mdmonitor
/etc/rc.d/rc0.d/K85rpcgssd
/etc/rc.d/rc0.d/K86nfslock
/etc/rc.d/rc0.d/K87restorecond
/etc/rc.d/rc0.d/K87rpcbind
/etc/rc.d/rc0.d/K88auditd
/etc/rc.d/rc0.d/K88rsyslog
/etc/rc.d/rc0.d/K89netconsole
/etc/rc.d/rc0.d/K89rdisc
/etc/rc.d/rc0.d/K90network
/etc/rc.d/rc0.d/K92ip6tables
/etc/rc.d/rc0.d/K92iptables
/etc/rc.d/rc0.d/K95rdma
/etc/rc.d/rc0.d/K99ktune
/etc/rc.d/rc1.d/K02rhsmcertd
/etc/rc.d/rc1.d/K03rhnsd
/etc/rc.d/rc1.d/K10saslauthd
/etc/rc.d/rc1.d/K15ovirt-guest-agent
/etc/rc.d/rc1.d/K15tuned
/etc/rc.d/rc1.d/K25sshd
/etc/rc.d/rc1.d/K30qemu-ga
/etc/rc.d/rc1.d/K30sendmail
/etc/rc.d/rc1.d/K50cloud-config
/etc/rc.d/rc1.d/K50cloud-final
/etc/rc.d/rc1.d/K50cloud-init
/etc/rc.d/rc1.d/K50cloud-init-local
/etc/rc.d/rc1.d/K50kdump
/etc/rc.d/rc1.d/K60crond
/etc/rc.d/rc1.d/K60nfs
/etc/rc.d/rc1.d/K61nfs-rdma
/etc/rc.d/rc1.d/K69rpcsvcgssd
/etc/rc.d/rc1.d/K71cgred
/etc/rc.d/rc1.d/K72cgconfig
/etc/rc.d/rc1.d/K74acpid
/etc/rc.d/rc1.d/K75netfs
/etc/rc.d/rc1.d/K85mdmonitor
/etc/rc.d/rc1.d/K85rpcgssd
/etc/rc.d/rc1.d/K86nfslock
/etc/rc.d/rc1.d/K87restorecond
/etc/rc.d/rc1.d/K87rpcbind
/etc/rc.d/rc1.d/K88auditd
/etc/rc.d/rc1.d/K88rsyslog
/etc/rc.d/rc1.d/K89netconsole
/etc/rc.d/rc1.d/K89rdisc
/etc/rc.d/rc1.d/K90network
/etc/rc.d/rc1.d/K92ip6tables
/etc/rc.d/rc1.d/K92iptables
/etc/rc.d/rc1.d/K99ktune
/etc/rc.d/rc1.d/S05rdma
/etc/rc.d/rc1.d/S25blk-availability
/etc/rc.d/rc1.d/S26udev-post
/etc/rc.d/rc2.d/K02rhsmcertd
/etc/rc.d/rc2.d/K10saslauthd
/etc/rc.d/rc2.d/K15ovirt-guest-agent
/etc/rc.d/rc2.d/K50kdump
/etc/rc.d/rc2.d/K60nfs
/etc/rc.d/rc2.d/K61nfs-rdma
/etc/rc.d/rc2.d/K69rpcsvcgssd
/etc/rc.d/rc2.d/K71cgred
/etc/rc.d/rc2.d/K72cgconfig
/etc/rc.d/rc2.d/K75netfs
/etc/rc.d/rc2.d/K85rpcgssd
/etc/rc.d/rc2.d/K86nfslock
/etc/rc.d/rc2.d/K87restorecond
/etc/rc.d/rc2.d/K89netconsole
/etc/rc.d/rc2.d/K89rdisc
/etc/rc.d/rc2.d/K99ktune
/etc/rc.d/rc2.d/S05rdma
/etc/rc.d/rc2.d/S08ip6tables
/etc/rc.d/rc2.d/S08iptables
/etc/rc.d/rc2.d/S10network
/etc/rc.d/rc2.d/S11auditd
/etc/rc.d/rc2.d/S12rsyslog
/etc/rc.d/rc2.d/S13rpcbind
/etc/rc.d/rc2.d/S15mdmonitor
/etc/rc.d/rc2.d/S25blk-availability
/etc/rc.d/rc2.d/S26acpid
/etc/rc.d/rc2.d/S26udev-post
/etc/rc.d/rc2.d/S30qemu-ga
/etc/rc.d/rc2.d/S50cloud-init-local
/etc/rc.d/rc2.d/S51cloud-init
/etc/rc.d/rc2.d/S52cloud-config
/etc/rc.d/rc2.d/S53cloud-final
/etc/rc.d/rc2.d/S55sshd
/etc/rc.d/rc2.d/S80sendmail
/etc/rc.d/rc2.d/S86tuned
/etc/rc.d/rc2.d/S90crond
/etc/rc.d/rc2.d/S97rhnsd
/etc/rc.d/rc3.d/K10saslauthd
/etc/rc.d/rc3.d/K50kdump
/etc/rc.d/rc3.d/K60nfs
/etc/rc.d/rc3.d/K61nfs-rdma
/etc/rc.d/rc3.d/K69rpcsvcgssd
/etc/rc.d/rc3.d/K71cgred
/etc/rc.d/rc3.d/K72cgconfig
/etc/rc.d/rc3.d/K87restorecond
/etc/rc.d/rc3.d/K89netconsole
/etc/rc.d/rc3.d/K89rdisc
/etc/rc.d/rc3.d/S05rdma
/etc/rc.d/rc3.d/S08ip6tables
/etc/rc.d/rc3.d/S08iptables
/etc/rc.d/rc3.d/S10network
/etc/rc.d/rc3.d/S11auditd
/etc/rc.d/rc3.d/S12rsyslog
/etc/rc.d/rc3.d/S13rpcbind
/etc/rc.d/rc3.d/S14nfslock
/etc/rc.d/rc3.d/S15mdmonitor
/etc/rc.d/rc3.d/S19rpcgssd
/etc/rc.d/rc3.d/S25blk-availability
/etc/rc.d/rc3.d/S25netfs
/etc/rc.d/rc3.d/S26acpid
/etc/rc.d/rc3.d/S26udev-post
/etc/rc.d/rc3.d/S27ktune
/etc/rc.d/rc3.d/S30qemu-ga
/etc/rc.d/rc3.d/S50cloud-init-local
/etc/rc.d/rc3.d/S51cloud-init
/etc/rc.d/rc3.d/S52cloud-config
/etc/rc.d/rc3.d/S53cloud-final
/etc/rc.d/rc3.d/S55sshd
/etc/rc.d/rc3.d/S80sendmail
/etc/rc.d/rc3.d/S85ovirt-guest-agent
/etc/rc.d/rc3.d/S86tuned
/etc/rc.d/rc3.d/S90crond
/etc/rc.d/rc3.d/S97rhnsd
/etc/rc.d/rc3.d/S97rhsmcertd
/etc/rc.d/rc4.d/K10saslauthd
/etc/rc.d/rc4.d/K15ovirt-guest-agent
/etc/rc.d/rc4.d/K50kdump
/etc/rc.d/rc4.d/K60nfs
/etc/rc.d/rc4.d/K61nfs-rdma
/etc/rc.d/rc4.d/K69rpcsvcgssd
/etc/rc.d/rc4.d/K71cgred
/etc/rc.d/rc4.d/K72cgconfig
/etc/rc.d/rc4.d/K87restorecond
/etc/rc.d/rc4.d/K89netconsole
/etc/rc.d/rc4.d/K89rdisc
/etc/rc.d/rc4.d/S05rdma
/etc/rc.d/rc4.d/S08ip6tables
/etc/rc.d/rc4.d/S08iptables
/etc/rc.d/rc4.d/S10network
/etc/rc.d/rc4.d/S11auditd
/etc/rc.d/rc4.d/S12rsyslog
/etc/rc.d/rc4.d/S13rpcbind
/etc/rc.d/rc4.d/S14nfslock
/etc/rc.d/rc4.d/S15mdmonitor
/etc/rc.d/rc4.d/S19rpcgssd
/etc/rc.d/rc4.d/S25blk-availability
/etc/rc.d/rc4.d/S25netfs
/etc/rc.d/rc4.d/S26acpid
/etc/rc.d/rc4.d/S26udev-post
/etc/rc.d/rc4.d/S27ktune
/etc/rc.d/rc4.d/S30qemu-ga
/etc/rc.d/rc4.d/S50cloud-init-local
/etc/rc.d/rc4.d/S51cloud-init
/etc/rc.d/rc4.d/S52cloud-config
/etc/rc.d/rc4.d/S53cloud-final
/etc/rc.d/rc4.d/S55sshd
/etc/rc.d/rc4.d/S80sendmail
/etc/rc.d/rc4.d/S86tuned
/etc/rc.d/rc4.d/S90crond
/etc/rc.d/rc4.d/S97rhnsd
/etc/rc.d/rc4.d/S97rhsmcertd
/etc/rc.d/rc5.d/K10saslauthd
/etc/rc.d/rc5.d/K50kdump
/etc/rc.d/rc5.d/K60nfs
/etc/rc.d/rc5.d/K61nfs-rdma
/etc/rc.d/rc5.d/K69rpcsvcgssd
/etc/rc.d/rc5.d/K71cgred
/etc/rc.d/rc5.d/K72cgconfig
/etc/rc.d/rc5.d/K87restorecond
/etc/rc.d/rc5.d/K89netconsole
/etc/rc.d/rc5.d/K89rdisc
/etc/rc.d/rc5.d/S05rdma
/etc/rc.d/rc5.d/S08ip6tables
/etc/rc.d/rc5.d/S08iptables
/etc/rc.d/rc5.d/S10network
/etc/rc.d/rc5.d/S11auditd
/etc/rc.d/rc5.d/S12rsyslog
/etc/rc.d/rc5.d/S13rpcbind
/etc/rc.d/rc5.d/S14nfslock
/etc/rc.d/rc5.d/S15mdmonitor
/etc/rc.d/rc5.d/S19rpcgssd
/etc/rc.d/rc5.d/S25blk-availability
/etc/rc.d/rc5.d/S25netfs
/etc/rc.d/rc5.d/S26acpid
/etc/rc.d/rc5.d/S26udev-post
/etc/rc.d/rc5.d/S27ktune
/etc/rc.d/rc5.d/S30qemu-ga
/etc/rc.d/rc5.d/S50cloud-init-local
/etc/rc.d/rc5.d/S51cloud-init
/etc/rc.d/rc5.d/S52cloud-config
/etc/rc.d/rc5.d/S53cloud-final
/etc/rc.d/rc5.d/S55sshd
/etc/rc.d/rc5.d/S80sendmail
/etc/rc.d/rc5.d/S85ovirt-guest-agent
/etc/rc.d/rc5.d/S86tuned
/etc/rc.d/rc5.d/S90crond
/etc/rc.d/rc5.d/S97rhnsd
/etc/rc.d/rc5.d/S97rhsmcertd
/etc/rc.d/rc6.d/K02rhsmcertd
/etc/rc.d/rc6.d/K03rhnsd
/etc/rc.d/rc6.d/K10saslauthd
/etc/rc.d/rc6.d/K15ovirt-guest-agent
/etc/rc.d/rc6.d/K15tuned
/etc/rc.d/rc6.d/K25sshd
/etc/rc.d/rc6.d/K30qemu-ga
/etc/rc.d/rc6.d/K30sendmail
/etc/rc.d/rc6.d/K50cloud-config
/etc/rc.d/rc6.d/K50cloud-final
/etc/rc.d/rc6.d/K50cloud-init
/etc/rc.d/rc6.d/K50cloud-init-local
/etc/rc.d/rc6.d/K50kdump
/etc/rc.d/rc6.d/K60crond
/etc/rc.d/rc6.d/K60nfs
/etc/rc.d/rc6.d/K61nfs-rdma
/etc/rc.d/rc6.d/K69rpcsvcgssd
/etc/rc.d/rc6.d/K71cgred
/etc/rc.d/rc6.d/K72cgconfig
/etc/rc.d/rc6.d/K74acpid
/etc/rc.d/rc6.d/K75blk-availability
/etc/rc.d/rc6.d/K75netfs
/etc/rc.d/rc6.d/K75udev-post
/etc/rc.d/rc6.d/K85mdmonitor
/etc/rc.d/rc6.d/K85rpcgssd
/etc/rc.d/rc6.d/K86nfslock
/etc/rc.d/rc6.d/K87restorecond
/etc/rc.d/rc6.d/K87rpcbind
/etc/rc.d/rc6.d/K88auditd
/etc/rc.d/rc6.d/K88rsyslog
/etc/rc.d/rc6.d/K89netconsole
/etc/rc.d/rc6.d/K89rdisc
/etc/rc.d/rc6.d/K90network
/etc/rc.d/rc6.d/K92ip6tables
/etc/rc.d/rc6.d/K92iptables
/etc/rc.d/rc6.d/K95rdma
/etc/rc.d/rc6.d/K99ktune
/etc/resolv.conf
/etc/selinux/targeted/contexts/netfilter_contexts
/etc/selinux/targeted/modules/active/base.pp
/etc/selinux/targeted/modules/active/commit_num
/etc/selinux/targeted/modules/active/file_contexts
/etc/selinux/targeted/modules/active/file_contexts.homedirs
/etc/selinux/targeted/modules/active/file_contexts.template
/etc/selinux/targeted/modules/active/homedir_template
/etc/selinux/targeted/modules/active/modules/abrt.pp
/etc/selinux/targeted/modules/active/modules/accountsd.pp
/etc/selinux/targeted/modules/active/modules/ada.pp
/etc/selinux/targeted/modules/active/modules/afs.pp
/etc/selinux/targeted/modules/active/modules/aiccu.pp
/etc/selinux/targeted/modules/active/modules/aide.pp
/etc/selinux/targeted/modules/active/modules/amanda.pp
/etc/selinux/targeted/modules/active/modules/amtu.pp
/etc/selinux/targeted/modules/active/modules/antivirus.pp
/etc/selinux/targeted/modules/active/modules/apache.pp
/etc/selinux/targeted/modules/active/modules/apcupsd.pp
/etc/selinux/targeted/modules/active/modules/arpwatch.pp
/etc/selinux/targeted/modules/active/modules/asterisk.pp
/etc/selinux/targeted/modules/active/modules/audioentropy.pp
/etc/selinux/targeted/modules/active/modules/automount.pp
/etc/selinux/targeted/modules/active/modules/avahi.pp
/etc/selinux/targeted/modules/active/modules/awstats.pp
/etc/selinux/targeted/modules/active/modules/bacula.pp
/etc/selinux/targeted/modules/active/modules/bcfg2.pp
/etc/selinux/targeted/modules/active/modules/bind.pp
/etc/selinux/targeted/modules/active/modules/bitlbee.pp
/etc/selinux/targeted/modules/active/modules/bluetooth.pp
/etc/selinux/targeted/modules/active/modules/boinc.pp
/etc/selinux/targeted/modules/active/modules/bugzilla.pp
/etc/selinux/targeted/modules/active/modules/cachefilesd.pp
/etc/selinux/targeted/modules/active/modules/calamaris.pp
/etc/selinux/targeted/modules/active/modules/canna.pp
/etc/selinux/targeted/modules/active/modules/ccs.pp
/etc/selinux/targeted/modules/active/modules/cdrecord.pp
/etc/selinux/targeted/modules/active/modules/certmaster.pp
/etc/selinux/targeted/modules/active/modules/certmonger.pp
/etc/selinux/targeted/modules/active/modules/certwatch.pp
/etc/selinux/targeted/modules/active/modules/cfengine.pp
/etc/selinux/targeted/modules/active/modules/cgroup.pp
/etc/selinux/targeted/modules/active/modules/chrome.pp
/etc/selinux/targeted/modules/active/modules/chronyd.pp
/etc/selinux/targeted/modules/active/modules/cinder.pp
/etc/selinux/targeted/modules/active/modules/cipe.pp
/etc/selinux/targeted/modules/active/modules/clogd.pp
/etc/selinux/targeted/modules/active/modules/cloudform.pp
/etc/selinux/targeted/modules/active/modules/cmirrord.pp
/etc/selinux/targeted/modules/active/modules/cobbler.pp
/etc/selinux/targeted/modules/active/modules/collectd.pp
/etc/selinux/targeted/modules/active/modules/comsat.pp
/etc/selinux/targeted/modules/active/modules/condor.pp
/etc/selinux/targeted/modules/active/modules/conman.pp
/etc/selinux/targeted/modules/active/modules/consolekit.pp
/etc/selinux/targeted/modules/active/modules/courier.pp
/etc/selinux/targeted/modules/active/modules/cpufreqselector.pp
/etc/selinux/targeted/modules/active/modules/ctdbd.pp
/etc/selinux/targeted/modules/active/modules/cups.pp
/etc/selinux/targeted/modules/active/modules/cvs.pp
/etc/selinux/targeted/modules/active/modules/cyphesis.pp
/etc/selinux/targeted/modules/active/modules/cyrus.pp
/etc/selinux/targeted/modules/active/modules/daemontools.pp
/etc/selinux/targeted/modules/active/modules/dbskk.pp
/etc/selinux/targeted/modules/active/modules/dcc.pp
/etc/selinux/targeted/modules/active/modules/ddclient.pp
/etc/selinux/targeted/modules/active/modules/denyhosts.pp
/etc/selinux/targeted/modules/active/modules/devicekit.pp
/etc/selinux/targeted/modules/active/modules/dhcp.pp
/etc/selinux/targeted/modules/active/modules/dictd.pp
/etc/selinux/targeted/modules/active/modules/dirsrv-admin.pp
/etc/selinux/targeted/modules/active/modules/dirsrv.pp
/etc/selinux/targeted/modules/active/modules/dnsmasq.pp
/etc/selinux/targeted/modules/active/modules/dovecot.pp
/etc/selinux/targeted/modules/active/modules/drbd.pp
/etc/selinux/targeted/modules/active/modules/dspam.pp
/etc/selinux/targeted/modules/active/modules/ethereal.pp
/etc/selinux/targeted/modules/active/modules/execmem.pp
/etc/selinux/targeted/modules/active/modules/exim.pp
/etc/selinux/targeted/modules/active/modules/fail2ban.pp
/etc/selinux/targeted/modules/active/modules/fcoemon.pp
/etc/selinux/targeted/modules/active/modules/fetchmail.pp
/etc/selinux/targeted/modules/active/modules/finger.pp
/etc/selinux/targeted/modules/active/modules/firewallgui.pp
/etc/selinux/targeted/modules/active/modules/fprintd.pp
/etc/selinux/targeted/modules/active/modules/freeipmi.pp
/etc/selinux/targeted/modules/active/modules/ftp.pp
/etc/selinux/targeted/modules/active/modules/games.pp
/etc/selinux/targeted/modules/active/modules/gitosis.pp
/etc/selinux/targeted/modules/active/modules/git.pp
/etc/selinux/targeted/modules/active/modules/glance.pp
/etc/selinux/targeted/modules/active/modules/glusterd.pp
/etc/selinux/targeted/modules/active/modules/gnomeclock.pp
/etc/selinux/targeted/modules/active/modules/gnome.pp
/etc/selinux/targeted/modules/active/modules/gpg.pp
/etc/selinux/targeted/modules/active/modules/gpm.pp
/etc/selinux/targeted/modules/active/modules/gpsd.pp
/etc/selinux/targeted/modules/active/modules/guest.pp
/etc/selinux/targeted/modules/active/modules/hal.pp
/etc/selinux/targeted/modules/active/modules/hddtemp.pp
/etc/selinux/targeted/modules/active/modules/howl.pp
/etc/selinux/targeted/modules/active/modules/hypervkvp.pp
/etc/selinux/targeted/modules/active/modules/icecast.pp
/etc/selinux/targeted/modules/active/modules/inn.pp
/etc/selinux/targeted/modules/active/modules/ipsec.pp
/etc/selinux/targeted/modules/active/modules/irc.pp
/etc/selinux/targeted/modules/active/modules/iscsi.pp
/etc/selinux/targeted/modules/active/modules/isns.pp
/etc/selinux/targeted/modules/active/modules/jabber.pp
/etc/selinux/targeted/modules/active/modules/java.pp
/etc/selinux/targeted/modules/active/modules/kdumpgui.pp
/etc/selinux/targeted/modules/active/modules/kdump.pp
/etc/selinux/targeted/modules/active/modules/keepalived.pp
/etc/selinux/targeted/modules/active/modules/kerberos.pp
/etc/selinux/targeted/modules/active/modules/kerneloops.pp
/etc/selinux/targeted/modules/active/modules/keystone.pp
/etc/selinux/targeted/modules/active/modules/kismet.pp
/etc/selinux/targeted/modules/active/modules/ksmtuned.pp
/etc/selinux/targeted/modules/active/modules/ktalk.pp
/etc/selinux/targeted/modules/active/modules/l2tpd.pp
/etc/selinux/targeted/modules/active/modules/ldap.pp
/etc/selinux/targeted/modules/active/modules/likewise.pp
/etc/selinux/targeted/modules/active/modules/linuxptp.pp
/etc/selinux/targeted/modules/active/modules/lircd.pp
/etc/selinux/targeted/modules/active/modules/livecd.pp
/etc/selinux/targeted/modules/active/modules/lldpad.pp
/etc/selinux/targeted/modules/active/modules/lockdev.pp
/etc/selinux/targeted/modules/active/modules/logadm.pp
/etc/selinux/targeted/modules/active/modules/lpd.pp
/etc/selinux/targeted/modules/active/modules/lsm.pp
/etc/selinux/targeted/modules/active/modules/mailman.pp
/etc/selinux/targeted/modules/active/modules/matahari.pp
/etc/selinux/targeted/modules/active/modules/mediawiki.pp
/etc/selinux/targeted/modules/active/modules/memcached.pp
/etc/selinux/targeted/modules/active/modules/milter.pp
/etc/selinux/targeted/modules/active/modules/mip6d.pp
/etc/selinux/targeted/modules/active/modules/mirrormanager.pp
/etc/selinux/targeted/modules/active/modules/modemmanager.pp
/etc/selinux/targeted/modules/active/modules/mono.pp
/etc/selinux/targeted/modules/active/modules/mozilla.pp
/etc/selinux/targeted/modules/active/modules/mpd.pp
/etc/selinux/targeted/modules/active/modules/mplayer.pp
/etc/selinux/targeted/modules/active/modules/mrtg.pp
/etc/selinux/targeted/modules/active/modules/munin.pp
/etc/selinux/targeted/modules/active/modules/mysql.pp
/etc/selinux/targeted/modules/active/modules/nagios.pp
/etc/selinux/targeted/modules/active/modules/namespace.pp
/etc/selinux/targeted/modules/active/modules/ncftool.pp
/etc/selinux/targeted/modules/active/modules/netlabel.pp
/etc/selinux/targeted/modules/active/modules/nis.pp
/etc/selinux/targeted/modules/active/modules/nova.pp
/etc/selinux/targeted/modules/active/modules/nslcd.pp
/etc/selinux/targeted/modules/active/modules/nsplugin.pp
/etc/selinux/targeted/modules/active/modules/ntop.pp
/etc/selinux/targeted/modules/active/modules/ntp.pp
/etc/selinux/targeted/modules/active/modules/numad.pp
/etc/selinux/targeted/modules/active/modules/nut.pp
/etc/selinux/targeted/modules/active/modules/nx.pp
/etc/selinux/targeted/modules/active/modules/oddjob.pp
/etc/selinux/targeted/modules/active/modules/openct.pp
/etc/selinux/targeted/modules/active/modules/openhpid.pp
/etc/selinux/targeted/modules/active/modules/openoffice.pp
/etc/selinux/targeted/modules/active/modules/openshift-origin.pp
/etc/selinux/targeted/modules/active/modules/openshift.pp
/etc/selinux/targeted/modules/active/modules/openvpn.pp
/etc/selinux/targeted/modules/active/modules/openvswitch.pp
/etc/selinux/targeted/modules/active/modules/openwsman.pp
/etc/selinux/targeted/modules/active/modules/oracleasm.pp
/etc/selinux/targeted/modules/active/modules/osad.pp
/etc/selinux/targeted/modules/active/modules/pads.pp
/etc/selinux/targeted/modules/active/modules/passenger.pp
/etc/selinux/targeted/modules/active/modules/pcp.pp
/etc/selinux/targeted/modules/active/modules/pcscd.pp
/etc/selinux/targeted/modules/active/modules/pegasus.pp
/etc/selinux/targeted/modules/active/modules/permissivedomains.pp
/etc/selinux/targeted/modules/active/modules/pingd.pp
/etc/selinux/targeted/modules/active/modules/piranha.pp
/etc/selinux/targeted/modules/active/modules/pkcsslotd.pp
/etc/selinux/targeted/modules/active/modules/plymouthd.pp
/etc/selinux/targeted/modules/active/modules/podsleuth.pp
/etc/selinux/targeted/modules/active/modules/policykit.pp
/etc/selinux/targeted/modules/active/modules/portmap.pp
/etc/selinux/targeted/modules/active/modules/portreserve.pp
/etc/selinux/targeted/modules/active/modules/postfix.pp
/etc/selinux/targeted/modules/active/modules/postgresql.pp
/etc/selinux/targeted/modules/active/modules/postgrey.pp
/etc/selinux/targeted/modules/active/modules/ppp.pp
/etc/selinux/targeted/modules/active/modules/prelude.pp
/etc/selinux/targeted/modules/active/modules/privoxy.pp
/etc/selinux/targeted/modules/active/modules/procmail.pp
/etc/selinux/targeted/modules/active/modules/psad.pp
/etc/selinux/targeted/modules/active/modules/ptchown.pp
/etc/selinux/targeted/modules/active/modules/publicfile.pp
/etc/selinux/targeted/modules/active/modules/pulseaudio.pp
/etc/selinux/targeted/modules/active/modules/puppet.pp
/etc/selinux/targeted/modules/active/modules/pyzor.pp
/etc/selinux/targeted/modules/active/modules/qemu.pp
/etc/selinux/targeted/modules/active/modules/qmail.pp
/etc/selinux/targeted/modules/active/modules/qpidd.pp
/etc/selinux/targeted/modules/active/modules/quantum.pp
/etc/selinux/targeted/modules/active/modules/radius.pp
/etc/selinux/targeted/modules/active/modules/radvd.pp
/etc/selinux/targeted/modules/active/modules/razor.pp
/etc/selinux/targeted/modules/active/modules/rdisc.pp
/etc/selinux/targeted/modules/active/modules/redis.pp
/etc/selinux/targeted/modules/active/modules/remotelogin.pp
/etc/selinux/targeted/modules/active/modules/rhcs.pp
/etc/selinux/targeted/modules/active/modules/rhev.pp
/etc/selinux/targeted/modules/active/modules/rhgb.pp
/etc/selinux/targeted/modules/active/modules/rhnsd.pp
/etc/selinux/targeted/modules/active/modules/rhsmcertd.pp
/etc/selinux/targeted/modules/active/modules/ricci.pp
/etc/selinux/targeted/modules/active/modules/rlogin.pp
/etc/selinux/targeted/modules/active/modules/roundup.pp
/etc/selinux/targeted/modules/active/modules/rpcbind.pp
/etc/selinux/targeted/modules/active/modules/rshd.pp
/etc/selinux/targeted/modules/active/modules/rssh.pp
/etc/selinux/targeted/modules/active/modules/rsync.pp
/etc/selinux/targeted/modules/active/modules/rtas.pp
/etc/selinux/targeted/modules/active/modules/rtkit.pp
/etc/selinux/targeted/modules/active/modules/rwho.pp
/etc/selinux/targeted/modules/active/modules/sambagui.pp
/etc/selinux/targeted/modules/active/modules/samba.pp
/etc/selinux/targeted/modules/active/modules/sandbox.pp
/etc/selinux/targeted/modules/active/modules/sanlock.pp
/etc/selinux/targeted/modules/active/modules/sasl.pp
/etc/selinux/targeted/modules/active/modules/sblim.pp
/etc/selinux/targeted/modules/active/modules/screen.pp
/etc/selinux/targeted/modules/active/modules/sectoolm.pp
/etc/selinux/targeted/modules/active/modules/sensord.pp
/etc/selinux/targeted/modules/active/modules/seunshare.pp
/etc/selinux/targeted/modules/active/modules/sge.pp
/etc/selinux/targeted/modules/active/modules/shutdown.pp
/etc/selinux/targeted/modules/active/modules/slocate.pp
/etc/selinux/targeted/modules/active/modules/slpd.pp
/etc/selinux/targeted/modules/active/modules/smartmon.pp
/etc/selinux/targeted/modules/active/modules/smokeping.pp
/etc/selinux/targeted/modules/active/modules/smoltclient.pp
/etc/selinux/targeted/modules/active/modules/smstools.pp
/etc/selinux/targeted/modules/active/modules/snmp.pp
/etc/selinux/targeted/modules/active/modules/snort.pp
/etc/selinux/targeted/modules/active/modules/sosreport.pp
/etc/selinux/targeted/modules/active/modules/soundserver.pp
/etc/selinux/targeted/modules/active/modules/spamassassin.pp
/etc/selinux/targeted/modules/active/modules/squid.pp
/etc/selinux/targeted/modules/active/modules/sssd.pp
/etc/selinux/targeted/modules/active/modules/staff.pp
/etc/selinux/targeted/modules/active/modules/stapserver.pp
/etc/selinux/targeted/modules/active/modules/stunnel.pp
/etc/selinux/targeted/modules/active/modules/svnserve.pp
/etc/selinux/targeted/modules/active/modules/swift.pp
/etc/selinux/targeted/modules/active/modules/sysadm_secadm.pp
/etc/selinux/targeted/modules/active/modules/sysstat.pp
/etc/selinux/targeted/modules/active/modules/tcpd.pp
/etc/selinux/targeted/modules/active/modules/telepathy.pp
/etc/selinux/targeted/modules/active/modules/telnet.pp
/etc/selinux/targeted/modules/active/modules/tftp.pp
/etc/selinux/targeted/modules/active/modules/tgtd.pp
/etc/selinux/targeted/modules/active/modules/tmpreaper.pp
/etc/selinux/targeted/modules/active/modules/tomcat.pp
/etc/selinux/targeted/modules/active/modules/tor.pp
/etc/selinux/targeted/modules/active/modules/tuned.pp
/etc/selinux/targeted/modules/active/modules/tvtime.pp
/etc/selinux/targeted/modules/active/modules/ulogd.pp
/etc/selinux/targeted/modules/active/modules/uml.pp
/etc/selinux/targeted/modules/active/modules/unconfined.pp
/etc/selinux/targeted/modules/active/modules/unconfineduser.pp
/etc/selinux/targeted/modules/active/modules/unlabelednet.pp
/etc/selinux/targeted/modules/active/modules/unprivuser.pp
/etc/selinux/targeted/modules/active/modules/usbmodules.pp
/etc/selinux/targeted/modules/active/modules/usbmuxd.pp
/etc/selinux/targeted/modules/active/modules/userhelper.pp
/etc/selinux/targeted/modules/active/modules/usernetctl.pp
/etc/selinux/targeted/modules/active/modules/uucp.pp
/etc/selinux/targeted/modules/active/modules/uuidd.pp
/etc/selinux/targeted/modules/active/modules/varnishd.pp
/etc/selinux/targeted/modules/active/modules/vdagent.pp
/etc/selinux/targeted/modules/active/modules/vhostmd.pp
/etc/selinux/targeted/modules/active/modules/virt.pp
/etc/selinux/targeted/modules/active/modules/vmware.pp
/etc/selinux/targeted/modules/active/modules/vpn.pp
/etc/selinux/targeted/modules/active/modules/w3c.pp
/etc/selinux/targeted/modules/active/modules/watchdog.pp
/etc/selinux/targeted/modules/active/modules/wdmd.pp
/etc/selinux/targeted/modules/active/modules/webadm.pp
/etc/selinux/targeted/modules/active/modules/webalizer.pp
/etc/selinux/targeted/modules/active/modules/wine.pp
/etc/selinux/targeted/modules/active/modules/xen.pp
/etc/selinux/targeted/modules/active/modules/xfs.pp
/etc/selinux/targeted/modules/active/modules/xguest.pp
/etc/selinux/targeted/modules/active/modules/zabbix.pp
/etc/selinux/targeted/modules/active/modules/zarafa.pp
/etc/selinux/targeted/modules/active/modules/zebra.pp
/etc/selinux/targeted/modules/active/modules/zosremote.pp
/etc/selinux/targeted/modules/active/netfilter_contexts
/etc/selinux/targeted/modules/active/policy.kern
/etc/selinux/targeted/modules/active/seusers.final
/etc/selinux/targeted/modules/active/users_extra
/etc/shadow-
/etc/ssh/ssh_host_dsa_key
/etc/ssh/ssh_host_dsa_key.pub
/etc/ssh/ssh_host_key
/etc/ssh/ssh_host_key.pub
/etc/ssh/ssh_host_rsa_key
/etc/ssh/ssh_host_rsa_key.pub
/etc/sysconfig/clock
/etc/sysconfig/firstboot
/etc/sysconfig/grub
/etc/sysconfig/i18n
/etc/sysconfig/kernel
/etc/sysconfig/keyboard
/etc/sysconfig/ktune.bckp
/etc/sysconfig/network
/etc/sysconfig/network-scripts/ifcfg-eth0
/etc/tuned.conf.bckp
/etc/udev/rules.d/70-persistent-net.rules
/etc/udev/rules.d/75-persistent-net-generator.rules
/lib64/libip4tc.so.0.0.0
/lib64/libip6tc.so.0.0.0
/lib64/libipq.so.0.0.0
/lib64/libiptc.so.0.0.0
/lib64/libxtables.so.4.0.0
/root/.ssh/authorized_keys
/sbin/ip6tables
/sbin/ip6tables-multi
/sbin/ip6tables-restore
/sbin/ip6tables-save
/sbin/iptables
/sbin/iptables-multi
/sbin/iptables-restore
/sbin/iptables-save
/usr/lib64/gio/modules/giomodule.cache
/usr/share/man/man8/ip6tables.8.gz
/usr/share/man/man8/ip6tables-restore.8.gz
/usr/share/man/man8/ip6tables-save.8.gz
/usr/share/man/man8/iptables.8.gz
/usr/share/man/man8/iptables-restore.8.gz
/usr/share/man/man8/iptables-save.8.gz
/usr/share/man/man8/iptables-xml.8.gz
