/boot/grub2/device.map
/boot/grub2/fonts/unicode.pf2
/boot/grub2/grubenv
/boot/grub2/i386-pc/boot.img
/boot/grub2/i386-pc/core.img
/boot/grub/grub.conf
/boot/grub/menu.lst
/boot/loader/entries/58617f19054541ecaedb3de4cd7e68fc-0-rescue.conf
/boot/loader/entries/58617f19054541ecaedb3de4cd7e68fc-4.18.0-20.el8.x86_64.conf
/etc/alternatives/cifs-idmap-plugin
/etc/alternatives/ifdown
/etc/alternatives/ifup
/etc/alternatives/libnssckbi.so.x86_64
/etc/alternatives/python
/etc/alternatives/unversioned-python-man
/etc/authselect/authselect.conf
/etc/authselect/dconf-db
/etc/authselect/dconf-locks
/etc/authselect/user-nsswitch.conf
/etc/crypto-policies/state/current
/etc/dconf/db/distro.d/20-authselect
/etc/dconf/db/distro.d/locks/20-authselect
/etc/dnf/modules.d/virt.module
/etc/firewalld/zones/public.xml
/etc/firewalld/zones/public.xml.old
/etc/group-
/etc/grub.conf
/etc/grub.d/00_tuned
/etc/gshadow-
/etc/nsswitch.conf.bak
/etc/passwd-
/etc/.pwd.lock
/etc/resolv.conf
/etc/security/pwquality.conf.d/10-authconfig-pwquality.conf
/etc/shadow-
/etc/ssh/ssh_host_ecdsa_key
/etc/ssh/ssh_host_ecdsa_key.pub
/etc/ssh/ssh_host_ed25519_key
/etc/ssh/ssh_host_ed25519_key.pub
/etc/ssh/ssh_host_rsa_key
/etc/ssh/ssh_host_rsa_key.pub
/etc/subgid-
/etc/subuid-
/etc/sudoers.d/90-cloud-init-users
/etc/sysconfig/anaconda
/etc/sysconfig/authconfig
/etc/sysconfig/firstboot
/etc/sysconfig/kernel
/etc/sysconfig/network
/etc/sysconfig/network-scripts/ifcfg-eth0
/etc/systemd/system/dbus-org.freedesktop.NetworkManager.service
/etc/systemd/system/dbus-org.freedesktop.nm-dispatcher.service
/etc/systemd/system/dbus-org.freedesktop.timedate1.service
/etc/systemd/system/default.target
/etc/systemd/system/getty.target.wants/getty@tty1.service
/etc/systemd/system/multi-user.target.wants/auditd.service
/etc/systemd/system/multi-user.target.wants/chronyd.service
/etc/systemd/system/multi-user.target.wants/cloud-config.service
/etc/systemd/system/multi-user.target.wants/cloud-final.service
/etc/systemd/system/multi-user.target.wants/cloud-init-local.service
/etc/systemd/system/multi-user.target.wants/cloud-init.service
/etc/systemd/system/multi-user.target.wants/crond.service
/etc/systemd/system/multi-user.target.wants/dnf-makecache.timer
/etc/systemd/system/multi-user.target.wants/irqbalance.service
/etc/systemd/system/multi-user.target.wants/kdump.service
/etc/systemd/system/multi-user.target.wants/NetworkManager.service
/etc/systemd/system/multi-user.target.wants/nfs-client.target
/etc/systemd/system/multi-user.target.wants/remote-fs.target
/etc/systemd/system/multi-user.target.wants/rngd.service
/etc/systemd/system/multi-user.target.wants/rsyslog.service
/etc/systemd/system/multi-user.target.wants/sshd.service
/etc/systemd/system/multi-user.target.wants/systemd-resolved.service
/etc/systemd/system/multi-user.target.wants/tuned.service
/etc/systemd/system/network-online.target.wants/NetworkManager-wait-online.service
/etc/systemd/system/remote-fs.target.wants/nfs-client.target
/etc/systemd/system/sockets.target.wants/rpcbind.socket
/etc/systemd/system/sockets.target.wants/sssd-kcm.socket
/etc/systemd/system/sysinit.target.wants/import-state.service
/etc/systemd/system/sysinit.target.wants/loadmodules.service
/etc/systemd/system/sysinit.target.wants/nis-domainname.service
/etc/systemd/system/sysinit.target.wants/selinux-autorelabel-mark.service
/etc/systemd/system/syslog.service
/etc/udev/rules.d/80-net-name-slot.rules
/etc/.updated
/root/anaconda-ks.cfg
/root/original-ks.cfg
/root/.ssh/authorized_keys
/usr/lib64/p11-kit-trust.so
/usr/lib/fontconfig/cache/CACHEDIR.TAG
/usr/share/fonts/dejavu/.uuid
/usr/share/fonts/.uuid
/usr/share/glib-2.0/schemas/gschemas.compiled
/etc/cloud/cloud.cfg.origin
/etc/dnf/modules.d/satellite-5-client.module
/etc/redhat-access-insights/.lastupload
/etc/redhat-access-insights/machine-id
/etc/redhat-access-insights/redhat-access-insights.conf
/etc/redhat-access-insights/redhat-access-insights.cron
/etc/redhat-access-insights/.registered
/etc/redhat-access-insights/.unregistered
/etc/systemd/system/basic.target.wants/microcode.service
/etc/systemd/system/multi-user.target.wants/rpcbind.service
/etc/systemd/system/multi-user.target.wants/sssd.service
/etc/systemd/system/nfs-blkmap.service.requires/nfs-convert.service
/etc/systemd/system/nfs-idmapd.service.requires/nfs-convert.service
/etc/systemd/system/nfs-mountd.service.requires/nfs-convert.service
/etc/systemd/system/nfs-server.service.requires/nfs-convert.service
/etc/systemd/system/rpc-gssd.service.requires/nfs-convert.service
/etc/systemd/system/rpc-statd-notify.service.requires/nfs-convert.service
/etc/systemd/system/rpc-statd.service.requires/nfs-convert.service
/etc/systemd/system/sysinit.target.wants/rngd.service
/etc/systemd/system/timers.target.wants/unbound-anchor.timer
