.M....G..  g /var/log/lastlog
....L....  c /etc/nsswitch.conf
.M.......  g /run/dbus
......G..    /usr/libexec/dbus-1/dbus-daemon-launch-helper
....L....  c /etc/pam.d/fingerprint-auth
....L....  c /etc/pam.d/password-auth
....L....  c /etc/pam.d/postlogin
....L....  c /etc/pam.d/smartcard-auth
....L....  c /etc/pam.d/system-auth
.M.......  d /usr/share/info/dir.old
.M.......    /var/log/audit
.M.......  g /var/cache/dnf/packages.db
..5....T.  c /etc/dnf/plugins/product-id.conf
..5....T.  c /etc/dnf/plugins/subscription-manager.conf
.......T.  c /etc/openldap/ldap.conf
.M....G..  g /var/log/lastlog
.M.......  g /etc/udev/hwdb.bin
.M.......  g /var/lib/systemd/random-seed
.M.......    /var/lib/nfs/rpc_pipefs
..5....T.    /var/lib/selinux/targeted/active/commit_num
.......T.    /var/lib/selinux/targeted/active/file_contexts
.......T.    /var/lib/selinux/targeted/active/homedir_template
S.5....T.    /var/lib/selinux/targeted/active/policy.kern
.......T.    /var/lib/selinux/targeted/active/seusers
.......T.    /var/lib/selinux/targeted/active/users_extra
S.5....T.  c /etc/ssh/sshd_config
.......T.  c /etc/kdump.conf
S.5....T.  c /etc/sudoers
.M.......  g /var/lib/dnf
.M.......  g /var/log/dnf.librepo.log
.M.......  g /var/log/dnf.rpm.log
.M.......  g /var/log/hawkey.log
.M.......  c /etc/machine-id
S.5....T.  c /etc/systemd/logind.conf
.M.......  g /var/cache/private
.M.......  g /var/lib/private
.M.......  g /var/log/btmp
.M.......  g /var/log/private
.M.......  g /var/spool/anacron/cron.daily
.M.......  g /var/spool/anacron/cron.monthly
.M.......  g /var/spool/anacron/cron.weekly
.M.......  c /etc/rc.d/rc.local
.....UG..  g /var/lib/sss/mc/group
.....UG..  g /var/lib/sss/mc/initgroups
.....UG..  g /var/lib/sss/mc/passwd
S.5....T.  c /etc/cloud/cloud.cfg
missing   c /etc/systemd/system/dbus-org.freedesktop.resolve1.service
